C51 COMPILER V7.08   MAIN                                                                  06/23/2009 17:53:41 PAGE 1   


C51 COMPILER V7.08, COMPILATION OF MODULE MAIN
OBJECT MODULE PLACED IN ..\HexCode\MAIN.obj
COMPILER INVOKED BY: C:\Keil\C51\BIN\C51.EXE ..\MAIN.C BROWSE DEBUG OBJECTEXTEND OBJECT(..\HexCode\MAIN.obj)

line level    source

   1          
   2          // 若使用STK標準定義STK6037.H
   3          // 則無需在定義 下列sfr 暫存器
   4          
   5          // sfr     PCLKSEL       = 0xB7;   // PWM 頻率 控制 
   6          //
   7          //              00 = CPUCLK/1;
   8          //              01 = CPUCLK/2;
   9          //              02 = CPUCLK/3;
  10          //              03 = CPUCLK/4;
  11          //              ......................
  12          //              FF = CPUCLK/256
  13          
  14          // sfr     CHIPCON      = 0xBF;   /* {RW}[10000000] PWM0 data register */
  15          // sfr     PWM_EA0      = 0xD2;   /* {RW}[10000000] PWM0 data register */
  16          // sfr     PWMDATA0H      = 0xF9;   /* {RW}[10000000] PWM0 data register */
  17          // sfr     PWMDATA0L      = 0xFA;   /* {RW}[10000000] PWM0 data register */
  18          
  19          // 反之若未使用到STK 的定義檔案 則需自行再定義
  20          
  21          #include "INC\STK6037.H"
  22                                          
  23          
  24          void main(void)
  25          {
  26   1                      CHIPCON = 0x10;   // 設定CPUCLK = XTAL  
  27   1                      PWM_EA0= 0x01;    // PWM_EA0 選擇欲輸出腳位當作PWM 使用,範例為使用到P1.0為PWM
  28   1                      PCLKSEL = 0x00;   // 00 = CPUCLK/1;
  29   1                                        // 若XTAL = 12M,PCLKSEL = 0x00 則 PWM頻率為 12M/1/1024 = 11.72Khz     
  30   1                      PWMDATA0H = 0x80; // PWM0 為控制 P1.0 腳位之PWM 輸出的數值
  31   1                      PWMDATA0L = 0x00; // PWM 的範圍為 0x000 ~ 0x3ff 區間 0x200(512十進位) 為中間值
  32   1                                        // 輸出的波形 HIGH = 512/1024, LOW = 512/1024 
  33   1                      
  34   1                      while(1);         // 程式會停在此位子                                                   
  35   1      }
  36          
  37          


MODULE INFORMATION:   STATIC OVERLAYABLE
   CODE SIZE        =     16    ----
   CONSTANT SIZE    =   ----    ----
   XDATA SIZE       =   ----    ----
   PDATA SIZE       =   ----    ----
   DATA SIZE        =   ----    ----
   IDATA SIZE       =   ----    ----
   BIT SIZE         =   ----    ----
END OF MODULE INFORMATION.


C51 COMPILATION COMPLETE.  0 WARNING(S),  0 ERROR(S)
