                                      1 ;--------------------------------------------------------
                                      2 ; File Created by SDCC : free open source ANSI-C Compiler
                                      3 ; Version 3.8.0 #10562 (Linux)
                                      4 ;--------------------------------------------------------
                                      5 	.module fogger
                                      6 	.optsdcc -mmcs51 --model-small
                                      7 	
                                      8 ;--------------------------------------------------------
                                      9 ; Public variables in this module
                                     10 ;--------------------------------------------------------
                                     11 	.globl _get_ui_state
                                     12 	.globl _get_adc_value
                                     13 	.globl _get_runtime_data
                                     14 	.globl _CPRL2
                                     15 	.globl _CT2
                                     16 	.globl _TR2
                                     17 	.globl _EXEN2
                                     18 	.globl _TCLK
                                     19 	.globl _RCLK
                                     20 	.globl _REN
                                     21 	.globl _SM2
                                     22 	.globl _SM1
                                     23 	.globl _SM0
                                     24 	.globl _RCK
                                     25 	.globl _SER
                                     26 	.globl _SCK
                                     27 	.globl _RI
                                     28 	.globl _ES
                                     29 	.globl _ET0
                                     30 	.globl _EA
                                     31 	.globl _P3_7
                                     32 	.globl _P3_6
                                     33 	.globl _P3_5
                                     34 	.globl _P3_4
                                     35 	.globl _P3_3
                                     36 	.globl _P3_2
                                     37 	.globl _P3_1
                                     38 	.globl _P3_0
                                     39 	.globl _P2_7
                                     40 	.globl _P2_6
                                     41 	.globl _P2_5
                                     42 	.globl _P2_4
                                     43 	.globl _P2_3
                                     44 	.globl _P2_2
                                     45 	.globl _P2_1
                                     46 	.globl _P2_0
                                     47 	.globl _P1_7
                                     48 	.globl _P1_6
                                     49 	.globl _P1_5
                                     50 	.globl _P1_4
                                     51 	.globl _P1_3
                                     52 	.globl _P1_2
                                     53 	.globl _P1_1
                                     54 	.globl _P1_0
                                     55 	.globl _P0_7
                                     56 	.globl _P0_6
                                     57 	.globl _P0_5
                                     58 	.globl _P0_4
                                     59 	.globl _P0_3
                                     60 	.globl _P0_2
                                     61 	.globl _P0_1
                                     62 	.globl _P0_0
                                     63 	.globl _IAP_ADRH
                                     64 	.globl _IAP_ADRL
                                     65 	.globl _IAPEN
                                     66 	.globl _TH0
                                     67 	.globl _TL0
                                     68 	.globl _CKCON
                                     69 	.globl _TMOD
                                     70 	.globl _TCON
                                     71 	.globl _PWMDATA17L
                                     72 	.globl _PWMDATA17H
                                     73 	.globl _PWMDATA14L
                                     74 	.globl _PWMDATA14H
                                     75 	.globl _PWMDATA11L
                                     76 	.globl _PWMDATA11H
                                     77 	.globl _PWM_EA2
                                     78 	.globl _PWM_EA1
                                     79 	.globl _SBUF
                                     80 	.globl _TL3
                                     81 	.globl _TH3
                                     82 	.globl _T2CON
                                     83 	.globl _RCAP2H
                                     84 	.globl _RCAP2L
                                     85 	.globl _SCON
                                     86 	.globl _P1_OPT
                                     87 	.globl _ADCVAL2
                                     88 	.globl _ADCVAL1
                                     89 	.globl _ADCSEL
                                     90 	.globl _EXIF
                                     91 	.globl _EIE
                                     92 	.globl _IE
                                     93 	.globl _P3
                                     94 	.globl _P2
                                     95 	.globl _P1
                                     96 	.globl _P0
                                     97 	.globl _PCLKSEL
                                     98 	.globl _CHIPCON
                                     99 	.globl _Fluid_Level
                                    100 	.globl _Heat_Flag
                                    101 	.globl _Playing
                                    102 	.globl _Interval_Or_Duration
                                    103 	.globl _Timer
                                    104 	.globl _tick_fogger
                                    105 	.globl _power_pump
                                    106 	.globl _power_heater
                                    107 ;--------------------------------------------------------
                                    108 ; special function registers
                                    109 ;--------------------------------------------------------
                                    110 	.area RSEG    (ABS,DATA)
      000000                        111 	.org 0x0000
                           0000BF   112 _CHIPCON	=	0x00bf
                           0000B7   113 _PCLKSEL	=	0x00b7
                           000080   114 _P0	=	0x0080
                           000090   115 _P1	=	0x0090
                           0000A0   116 _P2	=	0x00a0
                           0000B0   117 _P3	=	0x00b0
                           0000A8   118 _IE	=	0x00a8
                           0000E8   119 _EIE	=	0x00e8
                           000091   120 _EXIF	=	0x0091
                           0000DA   121 _ADCSEL	=	0x00da
                           0000DB   122 _ADCVAL1	=	0x00db
                           0000DC   123 _ADCVAL2	=	0x00dc
                           0000D9   124 _P1_OPT	=	0x00d9
                           000098   125 _SCON	=	0x0098
                           0000CA   126 _RCAP2L	=	0x00ca
                           0000CB   127 _RCAP2H	=	0x00cb
                           0000C8   128 _T2CON	=	0x00c8
                           00009B   129 _TH3	=	0x009b
                           00009A   130 _TL3	=	0x009a
                           000099   131 _SBUF	=	0x0099
                           0000D3   132 _PWM_EA1	=	0x00d3
                           0000D4   133 _PWM_EA2	=	0x00d4
                           0000BD   134 _PWMDATA11H	=	0x00bd
                           0000BE   135 _PWMDATA11L	=	0x00be
                           0000B5   136 _PWMDATA14H	=	0x00b5
                           0000B6   137 _PWMDATA14L	=	0x00b6
                           0000AD   138 _PWMDATA17H	=	0x00ad
                           0000AE   139 _PWMDATA17L	=	0x00ae
                           000088   140 _TCON	=	0x0088
                           000089   141 _TMOD	=	0x0089
                           00008E   142 _CKCON	=	0x008e
                           00008A   143 _TL0	=	0x008a
                           00008C   144 _TH0	=	0x008c
                           0000E4   145 _IAPEN	=	0x00e4
                           0000E5   146 _IAP_ADRL	=	0x00e5
                           0000E6   147 _IAP_ADRH	=	0x00e6
                                    148 ;--------------------------------------------------------
                                    149 ; special function bits
                                    150 ;--------------------------------------------------------
                                    151 	.area RSEG    (ABS,DATA)
      000000                        152 	.org 0x0000
                           000080   153 _P0_0	=	0x0080
                           000081   154 _P0_1	=	0x0081
                           000082   155 _P0_2	=	0x0082
                           000083   156 _P0_3	=	0x0083
                           000084   157 _P0_4	=	0x0084
                           000085   158 _P0_5	=	0x0085
                           000086   159 _P0_6	=	0x0086
                           000087   160 _P0_7	=	0x0087
                           000090   161 _P1_0	=	0x0090
                           000091   162 _P1_1	=	0x0091
                           000092   163 _P1_2	=	0x0092
                           000093   164 _P1_3	=	0x0093
                           000094   165 _P1_4	=	0x0094
                           000095   166 _P1_5	=	0x0095
                           000096   167 _P1_6	=	0x0096
                           000097   168 _P1_7	=	0x0097
                           0000A0   169 _P2_0	=	0x00a0
                           0000A1   170 _P2_1	=	0x00a1
                           0000A2   171 _P2_2	=	0x00a2
                           0000A3   172 _P2_3	=	0x00a3
                           0000A4   173 _P2_4	=	0x00a4
                           0000A5   174 _P2_5	=	0x00a5
                           0000A6   175 _P2_6	=	0x00a6
                           0000A7   176 _P2_7	=	0x00a7
                           0000B0   177 _P3_0	=	0x00b0
                           0000B1   178 _P3_1	=	0x00b1
                           0000B2   179 _P3_2	=	0x00b2
                           0000B3   180 _P3_3	=	0x00b3
                           0000B4   181 _P3_4	=	0x00b4
                           0000B5   182 _P3_5	=	0x00b5
                           0000B6   183 _P3_6	=	0x00b6
                           0000B7   184 _P3_7	=	0x00b7
                           0000AF   185 _EA	=	0x00af
                           0000A9   186 _ET0	=	0x00a9
                           0000AC   187 _ES	=	0x00ac
                           000098   188 _RI	=	0x0098
                           000093   189 _SCK	=	0x0093
                           000095   190 _SER	=	0x0095
                           000092   191 _RCK	=	0x0092
                           00009F   192 _SM0	=	0x009f
                           00009E   193 _SM1	=	0x009e
                           00009D   194 _SM2	=	0x009d
                           00009C   195 _REN	=	0x009c
                           0000CD   196 _RCLK	=	0x00cd
                           0000CC   197 _TCLK	=	0x00cc
                           0000CB   198 _EXEN2	=	0x00cb
                           0000CA   199 _TR2	=	0x00ca
                           0000C9   200 _CT2	=	0x00c9
                           0000C8   201 _CPRL2	=	0x00c8
                                    202 ;--------------------------------------------------------
                                    203 ; overlayable register banks
                                    204 ;--------------------------------------------------------
                                    205 	.area REG_BANK_0	(REL,OVR,DATA)
      000000                        206 	.ds 8
                                    207 ;--------------------------------------------------------
                                    208 ; internal ram data
                                    209 ;--------------------------------------------------------
                                    210 	.area DSEG    (DATA)
      000000                        211 _Timer::
      000000                        212 	.ds 1
      000001                        213 _Interval_Or_Duration::
      000001                        214 	.ds 1
      000002                        215 _Playing::
      000002                        216 	.ds 1
      000003                        217 _Heat_Flag::
      000003                        218 	.ds 1
      000004                        219 _Fluid_Level::
      000004                        220 	.ds 1
      000005                        221 _tick_fogger_fullCount_65536_36:
      000005                        222 	.ds 1
      000006                        223 _tick_fogger_on_65536_36:
      000006                        224 	.ds 1
      000007                        225 _tick_fogger_duration_65536_36:
      000007                        226 	.ds 1
      000008                        227 _tick_fogger_interval_65536_36:
      000008                        228 	.ds 1
      000009                        229 _tick_fogger_power_65536_36:
      000009                        230 	.ds 1
      00000A                        231 _tick_fogger_tock_65536_36:
      00000A                        232 	.ds 1
                                    233 ;--------------------------------------------------------
                                    234 ; overlayable items in internal ram 
                                    235 ;--------------------------------------------------------
                                    236 	.area	OSEG    (OVR,DATA)
                                    237 	.area	OSEG    (OVR,DATA)
                                    238 ;--------------------------------------------------------
                                    239 ; indirectly addressable internal ram data
                                    240 ;--------------------------------------------------------
                                    241 	.area ISEG    (DATA)
                                    242 ;--------------------------------------------------------
                                    243 ; absolute internal ram data
                                    244 ;--------------------------------------------------------
                                    245 	.area IABS    (ABS,DATA)
                                    246 	.area IABS    (ABS,DATA)
                                    247 ;--------------------------------------------------------
                                    248 ; bit data
                                    249 ;--------------------------------------------------------
                                    250 	.area BSEG    (BIT)
                                    251 ;--------------------------------------------------------
                                    252 ; paged external ram data
                                    253 ;--------------------------------------------------------
                                    254 	.area PSEG    (PAG,XDATA)
                                    255 ;--------------------------------------------------------
                                    256 ; external ram data
                                    257 ;--------------------------------------------------------
                                    258 	.area XSEG    (XDATA)
                                    259 ;--------------------------------------------------------
                                    260 ; absolute external ram data
                                    261 ;--------------------------------------------------------
                                    262 	.area XABS    (ABS,XDATA)
                                    263 ;--------------------------------------------------------
                                    264 ; external initialized ram data
                                    265 ;--------------------------------------------------------
                                    266 	.area XISEG   (XDATA)
                                    267 	.area HOME    (CODE)
                                    268 	.area GSINIT0 (CODE)
                                    269 	.area GSINIT1 (CODE)
                                    270 	.area GSINIT2 (CODE)
                                    271 	.area GSINIT3 (CODE)
                                    272 	.area GSINIT4 (CODE)
                                    273 	.area GSINIT5 (CODE)
                                    274 	.area GSINIT  (CODE)
                                    275 	.area GSFINAL (CODE)
                                    276 	.area CSEG    (CODE)
                                    277 ;--------------------------------------------------------
                                    278 ; global & static initialisations
                                    279 ;--------------------------------------------------------
                                    280 	.area HOME    (CODE)
                                    281 	.area GSINIT  (CODE)
                                    282 	.area GSFINAL (CODE)
                                    283 	.area GSINIT  (CODE)
                                    284 ;------------------------------------------------------------
                                    285 ;Allocation info for local variables in function 'tick_fogger'
                                    286 ;------------------------------------------------------------
                                    287 ;fullCount                 Allocated with name '_tick_fogger_fullCount_65536_36'
                                    288 ;on                        Allocated with name '_tick_fogger_on_65536_36'
                                    289 ;duration                  Allocated with name '_tick_fogger_duration_65536_36'
                                    290 ;interval                  Allocated with name '_tick_fogger_interval_65536_36'
                                    291 ;power                     Allocated with name '_tick_fogger_power_65536_36'
                                    292 ;tock                      Allocated with name '_tick_fogger_tock_65536_36'
                                    293 ;temperature               Allocated to registers r6 r7 
                                    294 ;value                     Allocated to registers r7 
                                    295 ;------------------------------------------------------------
                                    296 ;	../Fogger_Manager/fogger.c:20: static uint8_t fullCount = 0;
      000000 75*05 00         [24]  297 	mov	_tick_fogger_fullCount_65536_36,#0x00
                                    298 ;	../Fogger_Manager/fogger.c:21: static uint8_t on = 0x00; //to toggle lights
      000003 75*06 00         [24]  299 	mov	_tick_fogger_on_65536_36,#0x00
                                    300 ;	../Fogger_Manager/fogger.c:28: static uint8_t tock = 0;
      000006 75*0A 00         [24]  301 	mov	_tick_fogger_tock_65536_36,#0x00
                                    302 ;	../Fogger_Manager/fogger.c:14: uint8_t Playing = PAUSE;
      000009 75*02 00         [24]  303 	mov	_Playing,#0x00
                                    304 ;	../Fogger_Manager/fogger.c:15: uint8_t Heat_Flag = COLD_FLAG;
      00000C 75*03 04         [24]  305 	mov	_Heat_Flag,#0x04
                                    306 ;	../Fogger_Manager/fogger.c:16: uint8_t Fluid_Level = TANK_FULL;
      00000F 75*04 01         [24]  307 	mov	_Fluid_Level,#0x01
                                    308 ;--------------------------------------------------------
                                    309 ; Home
                                    310 ;--------------------------------------------------------
                                    311 	.area HOME    (CODE)
                                    312 	.area HOME    (CODE)
                                    313 ;--------------------------------------------------------
                                    314 ; code
                                    315 ;--------------------------------------------------------
                                    316 	.area CSEG    (CODE)
                                    317 ;------------------------------------------------------------
                                    318 ;Allocation info for local variables in function 'tick_fogger'
                                    319 ;------------------------------------------------------------
                                    320 ;fullCount                 Allocated with name '_tick_fogger_fullCount_65536_36'
                                    321 ;on                        Allocated with name '_tick_fogger_on_65536_36'
                                    322 ;duration                  Allocated with name '_tick_fogger_duration_65536_36'
                                    323 ;interval                  Allocated with name '_tick_fogger_interval_65536_36'
                                    324 ;power                     Allocated with name '_tick_fogger_power_65536_36'
                                    325 ;tock                      Allocated with name '_tick_fogger_tock_65536_36'
                                    326 ;temperature               Allocated to registers r6 r7 
                                    327 ;value                     Allocated to registers r7 
                                    328 ;------------------------------------------------------------
                                    329 ;	../Fogger_Manager/fogger.c:18: void tick_fogger(){
                                    330 ;	-----------------------------------------
                                    331 ;	 function tick_fogger
                                    332 ;	-----------------------------------------
      000000                        333 _tick_fogger:
                           000007   334 	ar7 = 0x07
                           000006   335 	ar6 = 0x06
                           000005   336 	ar5 = 0x05
                           000004   337 	ar4 = 0x04
                           000003   338 	ar3 = 0x03
                           000002   339 	ar2 = 0x02
                           000001   340 	ar1 = 0x01
                           000000   341 	ar0 = 0x00
                                    342 ;	../Fogger_Manager/fogger.c:34: temperature = get_adc_value(ADC_TEMPERATURE);
      000000 75 82 00         [24]  343 	mov	dpl,#0x00
      000003 12r00r00         [24]  344 	lcall	_get_adc_value
      000006 AE 82            [24]  345 	mov	r6,dpl
      000008 AF 83            [24]  346 	mov	r7,dph
                                    347 ;	../Fogger_Manager/fogger.c:36: if(temperature < HEAT_LOW){ /* Turn on heater full blast */
      00000A C3               [12]  348 	clr	c
      00000B EE               [12]  349 	mov	a,r6
      00000C 94 A0            [12]  350 	subb	a,#0xa0
      00000E EF               [12]  351 	mov	a,r7
      00000F 94 00            [12]  352 	subb	a,#0x00
      000011 50 05            [24]  353 	jnc	00107$
                                    354 ;	../Fogger_Manager/fogger.c:37: Heat_Flag &= ~HEATED;
                                    355 ;	../Fogger_Manager/fogger.c:38: Heat_Flag &= ~HOT_FLAG;
      000013 53*03 7D         [24]  356 	anl	_Heat_Flag,#(0x7f&0xfd)
      000016 80 29            [24]  357 	sjmp	00108$
      000018                        358 00107$:
                                    359 ;	../Fogger_Manager/fogger.c:39: } else if(temperature > HEAT_HIGH){ /* Turn off Heater */
      000018 C3               [12]  360 	clr	c
      000019 74 B9            [12]  361 	mov	a,#0xb9
      00001B 9E               [12]  362 	subb	a,r6
      00001C E4               [12]  363 	clr	a
      00001D 9F               [12]  364 	subb	a,r7
      00001E 50 10            [24]  365 	jnc	00104$
                                    366 ;	../Fogger_Manager/fogger.c:40: Heat_Flag |= HOT_FLAG;
      000020 AC*03            [24]  367 	mov	r4,_Heat_Flag
      000022 43 04 02         [24]  368 	orl	ar4,#0x02
                                    369 ;	../Fogger_Manager/fogger.c:41: Heat_Flag |= HEATED;
      000025 8C*03            [24]  370 	mov  _Heat_Flag,r4
      000027 7D 00            [12]  371 	mov	r5,#0x00
      000029 43 04 80         [24]  372 	orl	ar4,#0x80
      00002C 8C*03            [24]  373 	mov	_Heat_Flag,r4
      00002E 80 11            [24]  374 	sjmp	00108$
      000030                        375 00104$:
                                    376 ;	../Fogger_Manager/fogger.c:42: } else if(temperature > HEAT_OK){ /* Set Heated */
      000030 C3               [12]  377 	clr	c
      000031 74 AF            [12]  378 	mov	a,#0xaf
      000033 9E               [12]  379 	subb	a,r6
      000034 E4               [12]  380 	clr	a
      000035 9F               [12]  381 	subb	a,r7
      000036 50 09            [24]  382 	jnc	00108$
                                    383 ;	../Fogger_Manager/fogger.c:43: Heat_Flag |= HEATED;
      000038 AE*03            [24]  384 	mov	r6,_Heat_Flag
      00003A 7F 00            [12]  385 	mov	r7,#0x00
      00003C 43 06 80         [24]  386 	orl	ar6,#0x80
      00003F 8E*03            [24]  387 	mov	_Heat_Flag,r6
      000041                        388 00108$:
                                    389 ;	../Fogger_Manager/fogger.c:47: if(get_ui_state() != WELCOME_STATE){
      000041 12r00r00         [24]  390 	lcall	_get_ui_state
      000044 AF 82            [24]  391 	mov	r7,dpl
      000046 BF 45 02         [24]  392 	cjne	r7,#0x45,00597$
      000049 80 1A            [24]  393 	sjmp	00113$
      00004B                        394 00597$:
                                    395 ;	../Fogger_Manager/fogger.c:48: if(Heat_Flag & HEAT_DISABLE_FLAG){
      00004B E5*03            [12]  396 	mov	a,_Heat_Flag
      00004D 30 E4 06         [24]  397 	jnb	acc.4,00110$
                                    398 ;	../Fogger_Manager/fogger.c:49: P3_4 = 1;
                                    399 ;	assignBit
      000050 D2 B4            [12]  400 	setb	_P3_4
                                    401 ;	../Fogger_Manager/fogger.c:50: P3_3 = 1;
                                    402 ;	assignBit
      000052 D2 B3            [12]  403 	setb	_P3_3
      000054 80 0F            [24]  404 	sjmp	00113$
      000056                        405 00110$:
                                    406 ;	../Fogger_Manager/fogger.c:52: P3_4 = (Heat_Flag & HOT_FLAG) ? 1 : 0;
      000056 E5*03            [12]  407 	mov	a,_Heat_Flag
      000058 03               [12]  408 	rr	a
      000059 54 01            [12]  409 	anl	a,#0x01
                                    410 ;	assignBit
      00005B FF               [12]  411 	mov	r7,a
      00005C 24 FF            [12]  412 	add	a,#0xff
      00005E 92 B4            [24]  413 	mov	_P3_4,c
                                    414 ;	../Fogger_Manager/fogger.c:53: P3_3 = (Heat_Flag & HOT_FLAG) ? 1 : 0;
                                    415 ;	assignBit
      000060 EF               [12]  416 	mov	a,r7
      000061 24 FF            [12]  417 	add	a,#0xff
      000063 92 B3            [24]  418 	mov	_P3_3,c
      000065                        419 00113$:
                                    420 ;	../Fogger_Manager/fogger.c:59: if(!P2_6){ // no fluid
      000065 20 A6 18         [24]  421 	jb	_P2_6,00125$
                                    422 ;	../Fogger_Manager/fogger.c:60: if(Fluid_Level == TANK_FULL){
      000068 74 01            [12]  423 	mov	a,#0x01
      00006A B5*04 0E         [24]  424 	cjne	a,_Fluid_Level,00117$
                                    425 ;	../Fogger_Manager/fogger.c:61: if(fullCount++ > REFILL_FLUID_COUNT){
      00006D AF*05            [24]  426 	mov	r7,_tick_fogger_fullCount_65536_36
      00006F 05*05            [12]  427 	inc	_tick_fogger_fullCount_65536_36
      000071 EF               [12]  428 	mov	a,r7
      000072 24 DD            [12]  429 	add	a,#0xff - 0x22
      000074 50 1F            [24]  430 	jnc	00126$
                                    431 ;	../Fogger_Manager/fogger.c:62: Fluid_Level = TANK_EMPTY;
      000076 75*04 00         [24]  432 	mov	_Fluid_Level,#0x00
      000079 80 1A            [24]  433 	sjmp	00126$
      00007B                        434 00117$:
                                    435 ;	../Fogger_Manager/fogger.c:65: fullCount = 0;
      00007B 75*05 00         [24]  436 	mov	_tick_fogger_fullCount_65536_36,#0x00
      00007E 80 15            [24]  437 	sjmp	00126$
      000080                        438 00125$:
                                    439 ;	../Fogger_Manager/fogger.c:68: if(Fluid_Level == TANK_EMPTY){
      000080 E5*04            [12]  440 	mov	a,_Fluid_Level
      000082 70 0E            [24]  441 	jnz	00122$
                                    442 ;	../Fogger_Manager/fogger.c:69: if(fullCount++ > REFILL_FLUID_COUNT){
      000084 AF*05            [24]  443 	mov	r7,_tick_fogger_fullCount_65536_36
      000086 05*05            [12]  444 	inc	_tick_fogger_fullCount_65536_36
      000088 EF               [12]  445 	mov	a,r7
      000089 24 DD            [12]  446 	add	a,#0xff - 0x22
      00008B 50 08            [24]  447 	jnc	00126$
                                    448 ;	../Fogger_Manager/fogger.c:70: Fluid_Level = TANK_FULL;
      00008D 75*04 01         [24]  449 	mov	_Fluid_Level,#0x01
      000090 80 03            [24]  450 	sjmp	00126$
      000092                        451 00122$:
                                    452 ;	../Fogger_Manager/fogger.c:73: fullCount = 0;
      000092 75*05 00         [24]  453 	mov	_tick_fogger_fullCount_65536_36,#0x00
      000095                        454 00126$:
                                    455 ;	../Fogger_Manager/fogger.c:78: if(!get_runtime_data(TANK_LIGHTS_INDEX)){
      000095 75 82 0F         [24]  456 	mov	dpl,#0x0f
      000098 12r00r00         [24]  457 	lcall	_get_runtime_data
      00009B E5 82            [12]  458 	mov	a,dpl
      00009D 70 28            [24]  459 	jnz	00137$
                                    460 ;	../Fogger_Manager/fogger.c:79: if(Fluid_Level == TANK_EMPTY){ //flash on empty
      00009F E5*04            [12]  461 	mov	a,_Fluid_Level
      0000A1 70 13            [24]  462 	jnz	00134$
                                    463 ;	../Fogger_Manager/fogger.c:80: on = ~on;
      0000A3 E5*06            [12]  464 	mov	a,_tick_fogger_on_65536_36
      0000A5 F4               [12]  465 	cpl	a
                                    466 ;	../Fogger_Manager/fogger.c:82: if(on){
      0000A6 F5*06            [12]  467 	mov	_tick_fogger_on_65536_36,a
      0000A8 60 06            [24]  468 	jz	00128$
                                    469 ;	../Fogger_Manager/fogger.c:83: P1_0 = 0;
                                    470 ;	assignBit
      0000AA C2 90            [12]  471 	clr	_P1_0
                                    472 ;	../Fogger_Manager/fogger.c:84: P2_0 = 1;
                                    473 ;	assignBit
      0000AC D2 A0            [12]  474 	setb	_P2_0
      0000AE 80 1B            [24]  475 	sjmp	00138$
      0000B0                        476 00128$:
                                    477 ;	../Fogger_Manager/fogger.c:86: P1_0 = 1;
                                    478 ;	assignBit
      0000B0 D2 90            [12]  479 	setb	_P1_0
                                    480 ;	../Fogger_Manager/fogger.c:87: P2_0 = 1;
                                    481 ;	assignBit
      0000B2 D2 A0            [12]  482 	setb	_P2_0
      0000B4 80 15            [24]  483 	sjmp	00138$
      0000B6                        484 00134$:
                                    485 ;	../Fogger_Manager/fogger.c:90: if(get_heated()){ //heated not heated
      0000B6 E5*03            [12]  486 	mov	a,_Heat_Flag
      0000B8 30 E7 06         [24]  487 	jnb	acc.7,00131$
                                    488 ;	../Fogger_Manager/fogger.c:91: P1_0 = 0;
                                    489 ;	assignBit
      0000BB C2 90            [12]  490 	clr	_P1_0
                                    491 ;	../Fogger_Manager/fogger.c:92: P2_0 = 1;
                                    492 ;	assignBit
      0000BD D2 A0            [12]  493 	setb	_P2_0
      0000BF 80 0A            [24]  494 	sjmp	00138$
      0000C1                        495 00131$:
                                    496 ;	../Fogger_Manager/fogger.c:94: P1_0 = 1;
                                    497 ;	assignBit
      0000C1 D2 90            [12]  498 	setb	_P1_0
                                    499 ;	../Fogger_Manager/fogger.c:95: P2_0 = 0;
                                    500 ;	assignBit
      0000C3 C2 A0            [12]  501 	clr	_P2_0
      0000C5 80 04            [24]  502 	sjmp	00138$
      0000C7                        503 00137$:
                                    504 ;	../Fogger_Manager/fogger.c:99: P1_0 = 1;
                                    505 ;	assignBit
      0000C7 D2 90            [12]  506 	setb	_P1_0
                                    507 ;	../Fogger_Manager/fogger.c:100: P2_0 = 1;
                                    508 ;	assignBit
      0000C9 D2 A0            [12]  509 	setb	_P2_0
      0000CB                        510 00138$:
                                    511 ;	../Fogger_Manager/fogger.c:105: if(get_runtime_data(OP_MODE_INDEX) == MODE_DMX){
      0000CB 75 82 10         [24]  512 	mov	dpl,#0x10
      0000CE 12r00r00         [24]  513 	lcall	_get_runtime_data
      0000D1 E5 82            [12]  514 	mov	a,dpl
      0000D3 60 03            [24]  515 	jz	00609$
      0000D5 02r02rB1         [24]  516 	ljmp	00240$
      0000D8                        517 00609$:
                                    518 ;	../Fogger_Manager/fogger.c:106: if(has_dmx()){
      0000D8 E5*00            [12]  519 	mov	a,_Has_DMX
      0000DA 70 03            [24]  520 	jnz	00610$
      0000DC 02r02rAC         [24]  521 	ljmp	00231$
      0000DF                        522 00610$:
                                    523 ;	../Fogger_Manager/fogger.c:107: Playing = PLAY;
      0000DF 75*02 01         [24]  524 	mov	_Playing,#0x01
                                    525 ;	../Fogger_Manager/fogger.c:109: if(get_runtime_data(MODE_INDEX) == OPTION_DMX_MODE_11)
      0000E2 75 82 0E         [24]  526 	mov	dpl,#0x0e
      0000E5 12r00r00         [24]  527 	lcall	_get_runtime_data
      0000E8 E5 82            [12]  528 	mov	a,dpl
      0000EA 70 73            [24]  529 	jnz	00228$
                                    530 ;	../Fogger_Manager/fogger.c:111: value = get_dmx_value(DMX_M11_POWER_INDEX);
      0000EC AF*00            [24]  531 	mov	r7,_DMX
                                    532 ;	../Fogger_Manager/fogger.c:113: if(value < DMX_FOG_OFF){
      0000EE BF 14 00         [24]  533 	cjne	r7,#0x14,00612$
      0000F1                        534 00612$:
      0000F1 50 05            [24]  535 	jnc	00146$
                                    536 ;	../Fogger_Manager/fogger.c:114: Playing = PAUSE;
      0000F3 75*02 00         [24]  537 	mov	_Playing,#0x00
      0000F6 80 14            [24]  538 	sjmp	00147$
      0000F8                        539 00146$:
                                    540 ;	../Fogger_Manager/fogger.c:115: } else if(value < DMX_FOG_LOW){
      0000F8 BF 64 00         [24]  541 	cjne	r7,#0x64,00614$
      0000FB                        542 00614$:
      0000FB 50 04            [24]  543 	jnc	00143$
                                    544 ;	../Fogger_Manager/fogger.c:116: value = FOG_LO;
      0000FD 7F 04            [12]  545 	mov	r7,#0x04
      0000FF 80 0B            [24]  546 	sjmp	00147$
      000101                        547 00143$:
                                    548 ;	../Fogger_Manager/fogger.c:117: } else if(value < DMX_FOG_MEDIUM){
      000101 BF C8 00         [24]  549 	cjne	r7,#0xc8,00616$
      000104                        550 00616$:
      000104 50 04            [24]  551 	jnc	00140$
                                    552 ;	../Fogger_Manager/fogger.c:118: value = FOG_MED;
      000106 7F 02            [12]  553 	mov	r7,#0x02
      000108 80 02            [24]  554 	sjmp	00147$
      00010A                        555 00140$:
                                    556 ;	../Fogger_Manager/fogger.c:120: value = FOG_HIGH;
      00010A 7F 01            [12]  557 	mov	r7,#0x01
      00010C                        558 00147$:
                                    559 ;	../Fogger_Manager/fogger.c:123: if(value != power){
      00010C EF               [12]  560 	mov	a,r7
      00010D B5*09 02         [24]  561 	cjne	a,_tick_fogger_power_65536_36,00618$
      000110 80 02            [24]  562 	sjmp	00149$
      000112                        563 00618$:
                                    564 ;	../Fogger_Manager/fogger.c:124: power = value;
      000112 8F*09            [24]  565 	mov	_tick_fogger_power_65536_36,r7
      000114                        566 00149$:
                                    567 ;	../Fogger_Manager/fogger.c:127: value = get_dmx_value(DMX_M11_DURATION_INDEX);
                                    568 ;	../Fogger_Manager/fogger.c:129: if(value != duration){
      000114 E5*01            [12]  569 	mov	a,(_DMX + 0x0001)
      000116 FF               [12]  570 	mov	r7,a
      000117 B5*07 02         [24]  571 	cjne	a,_tick_fogger_duration_65536_36,00619$
      00011A 80 08            [24]  572 	sjmp	00151$
      00011C                        573 00619$:
                                    574 ;	../Fogger_Manager/fogger.c:130: duration = value;
      00011C 8F*07            [24]  575 	mov	_tick_fogger_duration_65536_36,r7
                                    576 ;	../Fogger_Manager/fogger.c:131: Timer = duration;
      00011E 85*07*00         [24]  577 	mov	_Timer,_tick_fogger_duration_65536_36
                                    578 ;	../Fogger_Manager/fogger.c:132: Interval_Or_Duration = DURATION;
      000121 75*01 FF         [24]  579 	mov	_Interval_Or_Duration,#0xff
      000124                        580 00151$:
                                    581 ;	../Fogger_Manager/fogger.c:135: value = get_dmx_value(DMX_M11_INTERVAL_INDEX);
                                    582 ;	../Fogger_Manager/fogger.c:137: if(value != interval){
      000124 E5*02            [12]  583 	mov	a,(_DMX + 0x0002)
      000126 FF               [12]  584 	mov	r7,a
      000127 B5*08 02         [24]  585 	cjne	a,_tick_fogger_interval_65536_36,00620$
      00012A 80 05            [24]  586 	sjmp	00153$
      00012C                        587 00620$:
                                    588 ;	../Fogger_Manager/fogger.c:138: interval = value;
      00012C 8F*08            [24]  589 	mov	_tick_fogger_interval_65536_36,r7
                                    590 ;	../Fogger_Manager/fogger.c:139: Playing = RESET;
      00012E 75*02 02         [24]  591 	mov	_Playing,#0x02
      000131                        592 00153$:
                                    593 ;	../Fogger_Manager/fogger.c:142: value = get_dmx_value(DMX_M11_HEATER_ENABLE_INDEX);
      000131 AF*0A            [24]  594 	mov	r7,(_DMX + 0x000a)
                                    595 ;	../Fogger_Manager/fogger.c:144: if(value >= DMX_HEATER_OFF && get_heater_enabled()){
      000133 BF 80 00         [24]  596 	cjne	r7,#0x80,00621$
      000136                        597 00621$:
      000136 40 0E            [24]  598 	jc	00158$
      000138 E5*03            [12]  599 	mov	a,_Heat_Flag
      00013A 20 E4 09         [24]  600 	jb	acc.4,00158$
                                    601 ;	../Fogger_Manager/fogger.c:145: power_heater(HEATER_DISABLE);
      00013D 75 82 01         [24]  602 	mov	dpl,#0x01
      000140 12r03rEF         [24]  603 	lcall	_power_heater
      000143 02r02rF7         [24]  604 	ljmp	00241$
      000146                        605 00158$:
                                    606 ;	../Fogger_Manager/fogger.c:146: } else if(value < DMX_HEATER_OFF && !get_heater_enabled()){
      000146 BF 80 00         [24]  607 	cjne	r7,#0x80,00624$
      000149                        608 00624$:
      000149 40 03            [24]  609 	jc	00625$
      00014B 02r02rF7         [24]  610 	ljmp	00241$
      00014E                        611 00625$:
      00014E E5*03            [12]  612 	mov	a,_Heat_Flag
      000150 20 E4 03         [24]  613 	jb	acc.4,00626$
      000153 02r02rF7         [24]  614 	ljmp	00241$
      000156                        615 00626$:
                                    616 ;	../Fogger_Manager/fogger.c:147: power_heater(HEATER_ENABLE);
      000156 75 82 00         [24]  617 	mov	dpl,#0x00
      000159 12r03rEF         [24]  618 	lcall	_power_heater
      00015C 02r02rF7         [24]  619 	ljmp	00241$
      00015F                        620 00228$:
                                    621 ;	../Fogger_Manager/fogger.c:154: power = FOG_HIGH;
      00015F 75*09 01         [24]  622 	mov	_tick_fogger_power_65536_36,#0x01
                                    623 ;	../Fogger_Manager/fogger.c:156: value = get_dmx_value(DMX_M1_FOG_INDEX);
      000162 AF*00            [24]  624 	mov	r7,_DMX
                                    625 ;	../Fogger_Manager/fogger.c:159: if(value < DMX_FOG_OFF){
      000164 BF 14 00         [24]  626 	cjne	r7,#0x14,00627$
      000167                        627 00627$:
      000167 50 06            [24]  628 	jnc	00225$
                                    629 ;	../Fogger_Manager/fogger.c:160: Playing = PAUSE;
      000169 75*02 00         [24]  630 	mov	_Playing,#0x00
      00016C 02r02rF7         [24]  631 	ljmp	00241$
      00016F                        632 00225$:
                                    633 ;	../Fogger_Manager/fogger.c:162: } else if(value < DMX_FOG_3_13){
      00016F BF 28 00         [24]  634 	cjne	r7,#0x28,00629$
      000172                        635 00629$:
      000172 50 19            [24]  636 	jnc	00222$
                                    637 ;	../Fogger_Manager/fogger.c:163: if(duration != 3 || interval != 13){
      000174 74 03            [12]  638 	mov	a,#0x03
      000176 B5*07 08         [24]  639 	cjne	a,_tick_fogger_duration_65536_36,00161$
      000179 74 0D            [12]  640 	mov	a,#0x0d
      00017B B5*08 03         [24]  641 	cjne	a,_tick_fogger_interval_65536_36,00633$
      00017E 02r02rF7         [24]  642 	ljmp	00241$
      000181                        643 00633$:
      000181                        644 00161$:
                                    645 ;	../Fogger_Manager/fogger.c:164: duration = 3;
      000181 75*07 03         [24]  646 	mov	_tick_fogger_duration_65536_36,#0x03
                                    647 ;	../Fogger_Manager/fogger.c:165: interval = 13;
      000184 75*08 0D         [24]  648 	mov	_tick_fogger_interval_65536_36,#0x0d
                                    649 ;	../Fogger_Manager/fogger.c:166: Playing = RESET;
      000187 75*02 02         [24]  650 	mov	_Playing,#0x02
      00018A 02r02rF7         [24]  651 	ljmp	00241$
      00018D                        652 00222$:
                                    653 ;	../Fogger_Manager/fogger.c:168: } else if(value < DMX_FOG_3_21){
      00018D BF 3C 00         [24]  654 	cjne	r7,#0x3c,00634$
      000190                        655 00634$:
      000190 50 19            [24]  656 	jnc	00219$
                                    657 ;	../Fogger_Manager/fogger.c:169: if(duration != 3 || interval != 21){
      000192 74 03            [12]  658 	mov	a,#0x03
      000194 B5*07 08         [24]  659 	cjne	a,_tick_fogger_duration_65536_36,00164$
      000197 74 15            [12]  660 	mov	a,#0x15
      000199 B5*08 03         [24]  661 	cjne	a,_tick_fogger_interval_65536_36,00638$
      00019C 02r02rF7         [24]  662 	ljmp	00241$
      00019F                        663 00638$:
      00019F                        664 00164$:
                                    665 ;	../Fogger_Manager/fogger.c:170: duration = 3;
      00019F 75*07 03         [24]  666 	mov	_tick_fogger_duration_65536_36,#0x03
                                    667 ;	../Fogger_Manager/fogger.c:171: interval = 21;
      0001A2 75*08 15         [24]  668 	mov	_tick_fogger_interval_65536_36,#0x15
                                    669 ;	../Fogger_Manager/fogger.c:172: Playing = RESET;
      0001A5 75*02 02         [24]  670 	mov	_Playing,#0x02
      0001A8 02r02rF7         [24]  671 	ljmp	00241$
      0001AB                        672 00219$:
                                    673 ;	../Fogger_Manager/fogger.c:174: } else if(value < DMX_FOG_3_34){
      0001AB BF 50 00         [24]  674 	cjne	r7,#0x50,00639$
      0001AE                        675 00639$:
      0001AE 50 19            [24]  676 	jnc	00216$
                                    677 ;	../Fogger_Manager/fogger.c:175: if(duration != 3 || interval != 34){
      0001B0 74 03            [12]  678 	mov	a,#0x03
      0001B2 B5*07 08         [24]  679 	cjne	a,_tick_fogger_duration_65536_36,00167$
      0001B5 74 22            [12]  680 	mov	a,#0x22
      0001B7 B5*08 03         [24]  681 	cjne	a,_tick_fogger_interval_65536_36,00643$
      0001BA 02r02rF7         [24]  682 	ljmp	00241$
      0001BD                        683 00643$:
      0001BD                        684 00167$:
                                    685 ;	../Fogger_Manager/fogger.c:176: duration = 3;
      0001BD 75*07 03         [24]  686 	mov	_tick_fogger_duration_65536_36,#0x03
                                    687 ;	../Fogger_Manager/fogger.c:177: interval = 34;
      0001C0 75*08 22         [24]  688 	mov	_tick_fogger_interval_65536_36,#0x22
                                    689 ;	../Fogger_Manager/fogger.c:178: Playing = RESET;
      0001C3 75*02 02         [24]  690 	mov	_Playing,#0x02
      0001C6 02r02rF7         [24]  691 	ljmp	00241$
      0001C9                        692 00216$:
                                    693 ;	../Fogger_Manager/fogger.c:180: } else if(value < DMX_FOG_3_55){
      0001C9 BF 64 00         [24]  694 	cjne	r7,#0x64,00644$
      0001CC                        695 00644$:
      0001CC 50 19            [24]  696 	jnc	00213$
                                    697 ;	../Fogger_Manager/fogger.c:181: if(duration != 3 || interval != 55){
      0001CE 74 03            [12]  698 	mov	a,#0x03
      0001D0 B5*07 08         [24]  699 	cjne	a,_tick_fogger_duration_65536_36,00170$
      0001D3 74 37            [12]  700 	mov	a,#0x37
      0001D5 B5*08 03         [24]  701 	cjne	a,_tick_fogger_interval_65536_36,00648$
      0001D8 02r02rF7         [24]  702 	ljmp	00241$
      0001DB                        703 00648$:
      0001DB                        704 00170$:
                                    705 ;	../Fogger_Manager/fogger.c:182: duration = 3;
      0001DB 75*07 03         [24]  706 	mov	_tick_fogger_duration_65536_36,#0x03
                                    707 ;	../Fogger_Manager/fogger.c:183: interval = 55;
      0001DE 75*08 37         [24]  708 	mov	_tick_fogger_interval_65536_36,#0x37
                                    709 ;	../Fogger_Manager/fogger.c:184: Playing = RESET;
      0001E1 75*02 02         [24]  710 	mov	_Playing,#0x02
      0001E4 02r02rF7         [24]  711 	ljmp	00241$
      0001E7                        712 00213$:
                                    713 ;	../Fogger_Manager/fogger.c:186: } else if(value < DMX_FOG_8_21){
      0001E7 BF 78 00         [24]  714 	cjne	r7,#0x78,00649$
      0001EA                        715 00649$:
      0001EA 50 19            [24]  716 	jnc	00210$
                                    717 ;	../Fogger_Manager/fogger.c:187: if(duration != 8 || interval != 21){
      0001EC 74 08            [12]  718 	mov	a,#0x08
      0001EE B5*07 08         [24]  719 	cjne	a,_tick_fogger_duration_65536_36,00173$
      0001F1 74 15            [12]  720 	mov	a,#0x15
      0001F3 B5*08 03         [24]  721 	cjne	a,_tick_fogger_interval_65536_36,00653$
      0001F6 02r02rF7         [24]  722 	ljmp	00241$
      0001F9                        723 00653$:
      0001F9                        724 00173$:
                                    725 ;	../Fogger_Manager/fogger.c:188: duration = 8;
      0001F9 75*07 08         [24]  726 	mov	_tick_fogger_duration_65536_36,#0x08
                                    727 ;	../Fogger_Manager/fogger.c:189: interval = 21;
      0001FC 75*08 15         [24]  728 	mov	_tick_fogger_interval_65536_36,#0x15
                                    729 ;	../Fogger_Manager/fogger.c:190: Playing = RESET;
      0001FF 75*02 02         [24]  730 	mov	_Playing,#0x02
      000202 02r02rF7         [24]  731 	ljmp	00241$
      000205                        732 00210$:
                                    733 ;	../Fogger_Manager/fogger.c:192: } else if(value < DMX_FOG_8_34){
      000205 BF 8C 00         [24]  734 	cjne	r7,#0x8c,00654$
      000208                        735 00654$:
      000208 50 19            [24]  736 	jnc	00207$
                                    737 ;	../Fogger_Manager/fogger.c:193: if(duration != 8 || interval != 34){
      00020A 74 08            [12]  738 	mov	a,#0x08
      00020C B5*07 08         [24]  739 	cjne	a,_tick_fogger_duration_65536_36,00176$
      00020F 74 22            [12]  740 	mov	a,#0x22
      000211 B5*08 03         [24]  741 	cjne	a,_tick_fogger_interval_65536_36,00658$
      000214 02r02rF7         [24]  742 	ljmp	00241$
      000217                        743 00658$:
      000217                        744 00176$:
                                    745 ;	../Fogger_Manager/fogger.c:194: duration = 8;
      000217 75*07 08         [24]  746 	mov	_tick_fogger_duration_65536_36,#0x08
                                    747 ;	../Fogger_Manager/fogger.c:195: interval = 34;
      00021A 75*08 22         [24]  748 	mov	_tick_fogger_interval_65536_36,#0x22
                                    749 ;	../Fogger_Manager/fogger.c:196: Playing = RESET;
      00021D 75*02 02         [24]  750 	mov	_Playing,#0x02
      000220 02r02rF7         [24]  751 	ljmp	00241$
      000223                        752 00207$:
                                    753 ;	../Fogger_Manager/fogger.c:198: } else if(value < DMX_FOG_8_55){
      000223 BF A0 00         [24]  754 	cjne	r7,#0xa0,00659$
      000226                        755 00659$:
      000226 50 19            [24]  756 	jnc	00204$
                                    757 ;	../Fogger_Manager/fogger.c:199: if(duration != 8 || interval != 55){
      000228 74 08            [12]  758 	mov	a,#0x08
      00022A B5*07 08         [24]  759 	cjne	a,_tick_fogger_duration_65536_36,00179$
      00022D 74 37            [12]  760 	mov	a,#0x37
      00022F B5*08 03         [24]  761 	cjne	a,_tick_fogger_interval_65536_36,00663$
      000232 02r02rF7         [24]  762 	ljmp	00241$
      000235                        763 00663$:
      000235                        764 00179$:
                                    765 ;	../Fogger_Manager/fogger.c:200: duration = 8;
      000235 75*07 08         [24]  766 	mov	_tick_fogger_duration_65536_36,#0x08
                                    767 ;	../Fogger_Manager/fogger.c:201: interval = 55;
      000238 75*08 37         [24]  768 	mov	_tick_fogger_interval_65536_36,#0x37
                                    769 ;	../Fogger_Manager/fogger.c:202: Playing = RESET;
      00023B 75*02 02         [24]  770 	mov	_Playing,#0x02
      00023E 02r02rF7         [24]  771 	ljmp	00241$
      000241                        772 00204$:
                                    773 ;	../Fogger_Manager/fogger.c:204: } else if(value < DMX_FOG_8_89){
      000241 BF B4 00         [24]  774 	cjne	r7,#0xb4,00664$
      000244                        775 00664$:
      000244 50 19            [24]  776 	jnc	00201$
                                    777 ;	../Fogger_Manager/fogger.c:205: if(duration != 8 || interval != 89){
      000246 74 08            [12]  778 	mov	a,#0x08
      000248 B5*07 08         [24]  779 	cjne	a,_tick_fogger_duration_65536_36,00182$
      00024B 74 59            [12]  780 	mov	a,#0x59
      00024D B5*08 03         [24]  781 	cjne	a,_tick_fogger_interval_65536_36,00668$
      000250 02r02rF7         [24]  782 	ljmp	00241$
      000253                        783 00668$:
      000253                        784 00182$:
                                    785 ;	../Fogger_Manager/fogger.c:206: duration = 8;
      000253 75*07 08         [24]  786 	mov	_tick_fogger_duration_65536_36,#0x08
                                    787 ;	../Fogger_Manager/fogger.c:207: interval = 89;
      000256 75*08 59         [24]  788 	mov	_tick_fogger_interval_65536_36,#0x59
                                    789 ;	../Fogger_Manager/fogger.c:208: Playing = RESET;
      000259 75*02 02         [24]  790 	mov	_Playing,#0x02
      00025C 02r02rF7         [24]  791 	ljmp	00241$
      00025F                        792 00201$:
                                    793 ;	../Fogger_Manager/fogger.c:210: } else if(value < DMX_FOG_8_144){
      00025F BF C8 00         [24]  794 	cjne	r7,#0xc8,00669$
      000262                        795 00669$:
      000262 50 19            [24]  796 	jnc	00198$
                                    797 ;	../Fogger_Manager/fogger.c:211: if(duration != 8 || interval != 144){
      000264 74 08            [12]  798 	mov	a,#0x08
      000266 B5*07 08         [24]  799 	cjne	a,_tick_fogger_duration_65536_36,00185$
      000269 74 90            [12]  800 	mov	a,#0x90
      00026B B5*08 03         [24]  801 	cjne	a,_tick_fogger_interval_65536_36,00673$
      00026E 02r02rF7         [24]  802 	ljmp	00241$
      000271                        803 00673$:
      000271                        804 00185$:
                                    805 ;	../Fogger_Manager/fogger.c:212: duration = 8;
      000271 75*07 08         [24]  806 	mov	_tick_fogger_duration_65536_36,#0x08
                                    807 ;	../Fogger_Manager/fogger.c:213: interval = 144;
      000274 75*08 90         [24]  808 	mov	_tick_fogger_interval_65536_36,#0x90
                                    809 ;	../Fogger_Manager/fogger.c:214: Playing = RESET;
      000277 75*02 02         [24]  810 	mov	_Playing,#0x02
      00027A 02r02rF7         [24]  811 	ljmp	00241$
      00027D                        812 00198$:
                                    813 ;	../Fogger_Manager/fogger.c:216: } else if(value < DMX_FOG_21_55){
      00027D BF DC 00         [24]  814 	cjne	r7,#0xdc,00674$
      000280                        815 00674$:
      000280 50 17            [24]  816 	jnc	00195$
                                    817 ;	../Fogger_Manager/fogger.c:217: if(duration != 21 || interval != 55){
      000282 74 15            [12]  818 	mov	a,#0x15
      000284 B5*07 07         [24]  819 	cjne	a,_tick_fogger_duration_65536_36,00188$
      000287 74 37            [12]  820 	mov	a,#0x37
      000289 B5*08 02         [24]  821 	cjne	a,_tick_fogger_interval_65536_36,00678$
      00028C 80 69            [24]  822 	sjmp	00241$
      00028E                        823 00678$:
      00028E                        824 00188$:
                                    825 ;	../Fogger_Manager/fogger.c:218: duration = 21;
      00028E 75*07 15         [24]  826 	mov	_tick_fogger_duration_65536_36,#0x15
                                    827 ;	../Fogger_Manager/fogger.c:219: interval = 55;
      000291 75*08 37         [24]  828 	mov	_tick_fogger_interval_65536_36,#0x37
                                    829 ;	../Fogger_Manager/fogger.c:220: Playing = RESET;
      000294 75*02 02         [24]  830 	mov	_Playing,#0x02
      000297 80 5E            [24]  831 	sjmp	00241$
      000299                        832 00195$:
                                    833 ;	../Fogger_Manager/fogger.c:223: if(duration !=  0 || interval != 0){
      000299 E5*07            [12]  834 	mov	a,_tick_fogger_duration_65536_36
      00029B 70 04            [24]  835 	jnz	00191$
      00029D E5*08            [12]  836 	mov	a,_tick_fogger_interval_65536_36
      00029F 60 56            [24]  837 	jz	00241$
      0002A1                        838 00191$:
                                    839 ;	../Fogger_Manager/fogger.c:224: duration = 0;
      0002A1 75*07 00         [24]  840 	mov	_tick_fogger_duration_65536_36,#0x00
                                    841 ;	../Fogger_Manager/fogger.c:225: interval = 0;
      0002A4 75*08 00         [24]  842 	mov	_tick_fogger_interval_65536_36,#0x00
                                    843 ;	../Fogger_Manager/fogger.c:226: Playing = RESET;
      0002A7 75*02 02         [24]  844 	mov	_Playing,#0x02
      0002AA 80 4B            [24]  845 	sjmp	00241$
      0002AC                        846 00231$:
                                    847 ;	../Fogger_Manager/fogger.c:232: Playing = RESET;
      0002AC 75*02 02         [24]  848 	mov	_Playing,#0x02
      0002AF 80 46            [24]  849 	sjmp	00241$
      0002B1                        850 00240$:
                                    851 ;	../Fogger_Manager/fogger.c:235: value = get_runtime_data(FOG_POWER_INDEX);
      0002B1 75 82 00         [24]  852 	mov	dpl,#0x00
      0002B4 12r00r00         [24]  853 	lcall	_get_runtime_data
      0002B7 AF 82            [24]  854 	mov	r7,dpl
                                    855 ;	../Fogger_Manager/fogger.c:239: value = 0x01 << value;
      0002B9 8F F0            [24]  856 	mov	b,r7
      0002BB 05 F0            [12]  857 	inc	b
      0002BD 74 01            [12]  858 	mov	a,#0x01
      0002BF 80 02            [24]  859 	sjmp	00683$
      0002C1                        860 00681$:
      0002C1 25 E0            [12]  861 	add	a,acc
      0002C3                        862 00683$:
      0002C3 D5 F0 FB         [24]  863 	djnz	b,00681$
                                    864 ;	../Fogger_Manager/fogger.c:241: if(value != power){
      0002C6 FF               [12]  865 	mov	r7,a
      0002C7 B5*09 02         [24]  866 	cjne	a,_tick_fogger_power_65536_36,00684$
      0002CA 80 05            [24]  867 	sjmp	00234$
      0002CC                        868 00684$:
                                    869 ;	../Fogger_Manager/fogger.c:242: power = value;
      0002CC 8F*09            [24]  870 	mov	_tick_fogger_power_65536_36,r7
                                    871 ;	../Fogger_Manager/fogger.c:243: Playing = RESET;
      0002CE 75*02 02         [24]  872 	mov	_Playing,#0x02
      0002D1                        873 00234$:
                                    874 ;	../Fogger_Manager/fogger.c:246: value = get_runtime_data(FOG_DURATION_INDEX);
      0002D1 75 82 01         [24]  875 	mov	dpl,#0x01
      0002D4 12r00r00         [24]  876 	lcall	_get_runtime_data
                                    877 ;	../Fogger_Manager/fogger.c:248: if(value != duration){
      0002D7 E5 82            [12]  878 	mov	a,dpl
      0002D9 FF               [12]  879 	mov	r7,a
      0002DA B5*07 02         [24]  880 	cjne	a,_tick_fogger_duration_65536_36,00685$
      0002DD 80 05            [24]  881 	sjmp	00236$
      0002DF                        882 00685$:
                                    883 ;	../Fogger_Manager/fogger.c:249: duration = value;
      0002DF 8F*07            [24]  884 	mov	_tick_fogger_duration_65536_36,r7
                                    885 ;	../Fogger_Manager/fogger.c:250: Playing = RESET;
      0002E1 75*02 02         [24]  886 	mov	_Playing,#0x02
      0002E4                        887 00236$:
                                    888 ;	../Fogger_Manager/fogger.c:253: value = get_runtime_data(FOG_INTERVAL_INDEX);
      0002E4 75 82 02         [24]  889 	mov	dpl,#0x02
      0002E7 12r00r00         [24]  890 	lcall	_get_runtime_data
                                    891 ;	../Fogger_Manager/fogger.c:255: if(value != interval){
      0002EA E5 82            [12]  892 	mov	a,dpl
      0002EC FF               [12]  893 	mov	r7,a
      0002ED B5*08 02         [24]  894 	cjne	a,_tick_fogger_interval_65536_36,00686$
      0002F0 80 05            [24]  895 	sjmp	00241$
      0002F2                        896 00686$:
                                    897 ;	../Fogger_Manager/fogger.c:256: interval = value;
      0002F2 8F*08            [24]  898 	mov	_tick_fogger_interval_65536_36,r7
                                    899 ;	../Fogger_Manager/fogger.c:257: Playing = RESET;
      0002F4 75*02 02         [24]  900 	mov	_Playing,#0x02
      0002F7                        901 00241$:
                                    902 ;	../Fogger_Manager/fogger.c:262: if(Playing == RESET){
      0002F7 74 02            [12]  903 	mov	a,#0x02
      0002F9 B5*02 09         [24]  904 	cjne	a,_Playing,00243$
                                    905 ;	../Fogger_Manager/fogger.c:263: Playing = PAUSE;
      0002FC 75*02 00         [24]  906 	mov	_Playing,#0x00
                                    907 ;	../Fogger_Manager/fogger.c:264: Timer = interval;
      0002FF 85*08*00         [24]  908 	mov	_Timer,_tick_fogger_interval_65536_36
                                    909 ;	../Fogger_Manager/fogger.c:265: Interval_Or_Duration = INTERVAL;
      000302 75*01 00         [24]  910 	mov	_Interval_Or_Duration,#0x00
      000305                        911 00243$:
                                    912 ;	../Fogger_Manager/fogger.c:269: if(Playing){
      000305 E5*02            [12]  913 	mov	a,_Playing
      000307 70 03            [24]  914 	jnz	00689$
      000309 02r03rA2         [24]  915 	ljmp	00264$
      00030C                        916 00689$:
                                    917 ;	../Fogger_Manager/fogger.c:270: tock++;
      00030C 05*0A            [12]  918 	inc	_tick_fogger_tock_65536_36
                                    919 ;	../Fogger_Manager/fogger.c:272: if(get_runtime_data(OP_MODE_INDEX) == MODE_DMX
      00030E 75 82 10         [24]  920 	mov	dpl,#0x10
      000311 12r00r00         [24]  921 	lcall	_get_runtime_data
      000314 E5 82            [12]  922 	mov	a,dpl
      000316 70 1E            [24]  923 	jnz	00259$
                                    924 ;	../Fogger_Manager/fogger.c:273: && (!duration || !interval)){
      000318 E5*07            [12]  925 	mov	a,_tick_fogger_duration_65536_36
      00031A 60 04            [24]  926 	jz	00258$
      00031C E5*08            [12]  927 	mov	a,_tick_fogger_interval_65536_36
      00031E 70 16            [24]  928 	jnz	00259$
      000320                        929 00258$:
                                    930 ;	../Fogger_Manager/fogger.c:275: if(!(tock % power)){
      000320 85*09 F0         [24]  931 	mov	b,_tick_fogger_power_65536_36
      000323 E5*0A            [12]  932 	mov	a,_tick_fogger_tock_65536_36
      000325 84               [48]  933 	div	ab
      000326 E5 F0            [12]  934 	mov	a,b
      000328 70 06            [24]  935 	jnz	00245$
                                    936 ;	../Fogger_Manager/fogger.c:276: power_pump(PUMP_ON);
      00032A 75 82 01         [24]  937 	mov	dpl,#0x01
      00032D 02r03rA8         [24]  938 	ljmp	_power_pump
      000330                        939 00245$:
                                    940 ;	../Fogger_Manager/fogger.c:278: power_pump(PUMP_OFF);
      000330 75 82 00         [24]  941 	mov	dpl,#0x00
      000333 02r03rA8         [24]  942 	ljmp	_power_pump
      000336                        943 00259$:
                                    944 ;	../Fogger_Manager/fogger.c:282: if(!(tock % 8)){
      000336 AE*0A            [24]  945 	mov	r6,_tick_fogger_tock_65536_36
      000338 7F 00            [12]  946 	mov	r7,#0x00
      00033A 75*00 08         [24]  947 	mov	__modsint_PARM_2,#0x08
                                    948 ;	1-genFromRTrack replaced	mov	(__modsint_PARM_2 + 1),#0x00
      00033D 8F*01            [24]  949 	mov	(__modsint_PARM_2 + 1),r7
      00033F 8E 82            [24]  950 	mov	dpl,r6
      000341 8F 83            [24]  951 	mov	dph,r7
      000343 12r00r00         [24]  952 	lcall	__modsint
      000346 E5 82            [12]  953 	mov	a,dpl
      000348 85 83 F0         [24]  954 	mov	b,dph
      00034B 45 F0            [12]  955 	orl	a,b
      00034D 70 02            [24]  956 	jnz	00248$
                                    957 ;	../Fogger_Manager/fogger.c:283: Timer--;
      00034F 15*00            [12]  958 	dec	_Timer
      000351                        959 00248$:
                                    960 ;	../Fogger_Manager/fogger.c:286: if(Timer == 0x00){
      000351 E5*00            [12]  961 	mov	a,_Timer
      000353 70 2E            [24]  962 	jnz	00256$
                                    963 ;	../Fogger_Manager/fogger.c:287: power_pump((Interval_Or_Duration == INTERVAL) ? PUMP_ON : PUMP_OFF);
      000355 E5*01            [12]  964 	mov	a,_Interval_Or_Duration
      000357 70 05            [24]  965 	jnz	00268$
      000359 7E 01            [12]  966 	mov	r6,#0x01
      00035B FF               [12]  967 	mov	r7,a
      00035C 80 04            [24]  968 	sjmp	00269$
      00035E                        969 00268$:
      00035E 7E 00            [12]  970 	mov	r6,#0x00
      000360 7F 00            [12]  971 	mov	r7,#0x00
      000362                        972 00269$:
      000362 8E 82            [24]  973 	mov	dpl,r6
      000364 12r03rA8         [24]  974 	lcall	_power_pump
                                    975 ;	../Fogger_Manager/fogger.c:288: Timer = (Interval_Or_Duration == INTERVAL) ? duration : interval;
      000367 E5*01            [12]  976 	mov	a,_Interval_Or_Duration
      000369 70 04            [24]  977 	jnz	00270$
      00036B AF*07            [24]  978 	mov	r7,_tick_fogger_duration_65536_36
      00036D 80 02            [24]  979 	sjmp	00271$
      00036F                        980 00270$:
      00036F AF*08            [24]  981 	mov	r7,_tick_fogger_interval_65536_36
      000371                        982 00271$:
      000371 8F*00            [24]  983 	mov	_Timer,r7
                                    984 ;	../Fogger_Manager/fogger.c:289: Interval_Or_Duration = (Interval_Or_Duration == INTERVAL) ? DURATION : INTERVAL;
      000373 E5*01            [12]  985 	mov	a,_Interval_Or_Duration
      000375 70 05            [24]  986 	jnz	00272$
      000377 7E FF            [12]  987 	mov	r6,#0xff
      000379 FF               [12]  988 	mov	r7,a
      00037A 80 04            [24]  989 	sjmp	00273$
      00037C                        990 00272$:
      00037C 7E 00            [12]  991 	mov	r6,#0x00
      00037E 7F 00            [12]  992 	mov	r7,#0x00
      000380                        993 00273$:
      000380 8E*01            [24]  994 	mov	_Interval_Or_Duration,r6
      000382 22               [24]  995 	ret
      000383                        996 00256$:
                                    997 ;	../Fogger_Manager/fogger.c:291: if(Interval_Or_Duration == INTERVAL){
      000383 E5*01            [12]  998 	mov	a,_Interval_Or_Duration
                                    999 ;	../Fogger_Manager/fogger.c:292: power_pump(PUMP_OFF);
      000385 70 05            [24] 1000 	jnz	00253$
      000387 F5 82            [12] 1001 	mov	dpl,a
      000389 02r03rA8         [24] 1002 	ljmp	_power_pump
      00038C                       1003 00253$:
                                   1004 ;	../Fogger_Manager/fogger.c:294: if(!(tock % power)){
      00038C 85*09 F0         [24] 1005 	mov	b,_tick_fogger_power_65536_36
      00038F E5*0A            [12] 1006 	mov	a,_tick_fogger_tock_65536_36
      000391 84               [48] 1007 	div	ab
      000392 E5 F0            [12] 1008 	mov	a,b
      000394 70 06            [24] 1009 	jnz	00250$
                                   1010 ;	../Fogger_Manager/fogger.c:295: power_pump(PUMP_ON);
      000396 75 82 01         [24] 1011 	mov	dpl,#0x01
      000399 02r03rA8         [24] 1012 	ljmp	_power_pump
      00039C                       1013 00250$:
                                   1014 ;	../Fogger_Manager/fogger.c:297: power_pump(PUMP_OFF);
      00039C 75 82 00         [24] 1015 	mov	dpl,#0x00
      00039F 02r03rA8         [24] 1016 	ljmp	_power_pump
      0003A2                       1017 00264$:
                                   1018 ;	../Fogger_Manager/fogger.c:305: power_pump(PUMP_OFF);
      0003A2 75 82 00         [24] 1019 	mov	dpl,#0x00
                                   1020 ;	../Fogger_Manager/fogger.c:308: }
      0003A5 02r03rA8         [24] 1021 	ljmp	_power_pump
                                   1022 ;------------------------------------------------------------
                                   1023 ;Allocation info for local variables in function 'power_pump'
                                   1024 ;------------------------------------------------------------
                                   1025 ;action                    Allocated to registers r7 
                                   1026 ;------------------------------------------------------------
                                   1027 ;	../Fogger_Manager/fogger.c:310: void power_pump(uint8_t action){
                                   1028 ;	-----------------------------------------
                                   1029 ;	 function power_pump
                                   1030 ;	-----------------------------------------
      0003A8                       1031 _power_pump:
      0003A8 AF 82            [24] 1032 	mov	r7,dpl
                                   1033 ;	../Fogger_Manager/fogger.c:311: switch (action)
      0003AA BF 01 02         [24] 1034 	cjne	r7,#0x01,00139$
      0003AD 80 0A            [24] 1035 	sjmp	00101$
      0003AF                       1036 00139$:
      0003AF BF 02 02         [24] 1037 	cjne	r7,#0x02,00140$
      0003B2 80 1F            [24] 1038 	sjmp	00106$
      0003B4                       1039 00140$:
                                   1040 ;	../Fogger_Manager/fogger.c:313: case PUMP_ON:
      0003B4 BF 03 35         [24] 1041 	cjne	r7,#0x03,00111$
      0003B7 80 30            [24] 1042 	sjmp	00110$
      0003B9                       1043 00101$:
                                   1044 ;	../Fogger_Manager/fogger.c:314: if(get_fog_fluid_level() != TANK_EMPTY && get_heated() == HEATED){
      0003B9 E5*04            [12] 1045 	mov	a,_Fluid_Level
      0003BB 60 13            [24] 1046 	jz	00103$
      0003BD AE*03            [24] 1047 	mov	r6,_Heat_Flag
      0003BF 53 06 80         [24] 1048 	anl	ar6,#0x80
      0003C2 7F 00            [12] 1049 	mov	r7,#0x00
      0003C4 BE 80 09         [24] 1050 	cjne	r6,#0x80,00103$
      0003C7 BF 00 06         [24] 1051 	cjne	r7,#0x00,00103$
                                   1052 ;	../Fogger_Manager/fogger.c:315: P2_5 = 0;
                                   1053 ;	assignBit
      0003CA C2 A5            [12] 1054 	clr	_P2_5
                                   1055 ;	../Fogger_Manager/fogger.c:316: Heat_Flag &= ~HOT_FLAG;
      0003CC 53*03 FD         [24] 1056 	anl	_Heat_Flag,#0xfd
      0003CF 22               [24] 1057 	ret
      0003D0                       1058 00103$:
                                   1059 ;	../Fogger_Manager/fogger.c:318: P2_5 = 1;
                                   1060 ;	assignBit
      0003D0 D2 A5            [12] 1061 	setb	_P2_5
                                   1062 ;	../Fogger_Manager/fogger.c:320: break;
                                   1063 ;	../Fogger_Manager/fogger.c:321: case PUMP_OVERRIDE:
      0003D2 22               [24] 1064 	ret
      0003D3                       1065 00106$:
                                   1066 ;	../Fogger_Manager/fogger.c:322: if(get_heated() == HEATED){
      0003D3 AE*03            [24] 1067 	mov	r6,_Heat_Flag
      0003D5 53 06 80         [24] 1068 	anl	ar6,#0x80
      0003D8 7F 00            [12] 1069 	mov	r7,#0x00
      0003DA BE 80 09         [24] 1070 	cjne	r6,#0x80,00108$
      0003DD BF 00 06         [24] 1071 	cjne	r7,#0x00,00108$
                                   1072 ;	../Fogger_Manager/fogger.c:323: P2_5 = 0;
                                   1073 ;	assignBit
      0003E0 C2 A5            [12] 1074 	clr	_P2_5
                                   1075 ;	../Fogger_Manager/fogger.c:324: Heat_Flag &= ~HOT_FLAG;
      0003E2 53*03 FD         [24] 1076 	anl	_Heat_Flag,#0xfd
      0003E5 22               [24] 1077 	ret
      0003E6                       1078 00108$:
                                   1079 ;	../Fogger_Manager/fogger.c:326: P2_5 = 1;
                                   1080 ;	assignBit
      0003E6 D2 A5            [12] 1081 	setb	_P2_5
                                   1082 ;	../Fogger_Manager/fogger.c:328: break;
                                   1083 ;	../Fogger_Manager/fogger.c:329: case PUMP_MASTER_OVERRIDE:
      0003E8 22               [24] 1084 	ret
      0003E9                       1085 00110$:
                                   1086 ;	../Fogger_Manager/fogger.c:330: P2_5 = 0;
                                   1087 ;	assignBit
      0003E9 C2 A5            [12] 1088 	clr	_P2_5
                                   1089 ;	../Fogger_Manager/fogger.c:331: break;
                                   1090 ;	../Fogger_Manager/fogger.c:332: default:
      0003EB 22               [24] 1091 	ret
      0003EC                       1092 00111$:
                                   1093 ;	../Fogger_Manager/fogger.c:333: P2_5 = 1;
                                   1094 ;	assignBit
      0003EC D2 A5            [12] 1095 	setb	_P2_5
                                   1096 ;	../Fogger_Manager/fogger.c:335: }
                                   1097 ;	../Fogger_Manager/fogger.c:336: }
      0003EE 22               [24] 1098 	ret
                                   1099 ;------------------------------------------------------------
                                   1100 ;Allocation info for local variables in function 'power_heater'
                                   1101 ;------------------------------------------------------------
                                   1102 ;action                    Allocated to registers r7 
                                   1103 ;------------------------------------------------------------
                                   1104 ;	../Fogger_Manager/fogger.c:338: void power_heater(uint8_t action){
                                   1105 ;	-----------------------------------------
                                   1106 ;	 function power_heater
                                   1107 ;	-----------------------------------------
      0003EF                       1108 _power_heater:
      0003EF AF 82            [24] 1109 	mov	r7,dpl
                                   1110 ;	../Fogger_Manager/fogger.c:339: switch (action)
      0003F1 BF 01 08         [24] 1111 	cjne	r7,#0x01,00102$
                                   1112 ;	../Fogger_Manager/fogger.c:342: Heat_Flag |= HEAT_DISABLE_FLAG;
      0003F4 AE*03            [24] 1113 	mov	r6,_Heat_Flag
      0003F6 43 06 10         [24] 1114 	orl	ar6,#0x10
      0003F9 8E*03            [24] 1115 	mov	_Heat_Flag,r6
                                   1116 ;	../Fogger_Manager/fogger.c:343: break;
                                   1117 ;	../Fogger_Manager/fogger.c:344: default:
      0003FB 22               [24] 1118 	ret
      0003FC                       1119 00102$:
                                   1120 ;	../Fogger_Manager/fogger.c:345: Heat_Flag &= ~HEAT_DISABLE_FLAG;
      0003FC 53*03 EF         [24] 1121 	anl	_Heat_Flag,#0xef
                                   1122 ;	../Fogger_Manager/fogger.c:347: }
                                   1123 ;	../Fogger_Manager/fogger.c:348: }
      0003FF 22               [24] 1124 	ret
                                   1125 	.area CSEG    (CODE)
                                   1126 	.area CONST   (CODE)
                                   1127 	.area XINIT   (CODE)
                                   1128 	.area CABS    (ABS,CODE)
